src/app/layanan/[slug]/page.tsx(84,27): error TS2339: Property 'requirements' does not exist on type '{ inclusions?: string[] | undefined; process?: string[] | undefined; }'.
src/app/layanan/[slug]/page.tsx(86,31): error TS2339: Property 'requirements' does not exist on type '{ inclusions?: string[] | undefined; process?: string[] | undefined; }'.
